// Jest Snapshot v1, https://goo.gl/fbAQLP

exports[`zos-tso stop address-space should display the help 1`] = `
"
 COMMAND NAME
 ------------

   address-space | as

 DESCRIPTION
 -----------

   Start a TSO address space, from which you will receive a token (a.k.a
   'servelet-key') for further address space interaction (e.g. termination).

 USAGE
 -----

   zowe zos-tso start address-space [options]

 TSO ADDRESS SPACE OPTIONS
 -------------------------

   --account  | -a (string)

      Your z/OS TSO/E accounting information.

   --character-set  | --cs (string)

      Character set for address space to convert messages and responses from UTF-8 to
      EBCDIC.

      Default value: 697

   --code-page  | --cp (string)

      Codepage value for TSO/E address space to convert messages and responses from
      UTF-8 to EBCDIC.

      Default value: 1047

   --columns  | --cols (number)

      The number of columns on a screen.

      Default value: 80

   --logon-procedure  | -l (string)

      The logon procedure to use when creating TSO procedures on your behalf.

      Default value: IZUFPROC

   --region-size  | --rs (number)

      Region size for the TSO/E address space.

      Default value: 4096

   --rows  (number)

      The number of rows on a screen.

      Default value: 24

 ZOSMF CONNECTION OPTIONS
 ------------------------

   --host  | -H (string)

      The z/OSMF server host name.

   --port  | -P (number)

      The z/OSMF server port.

      Default value: 443

   --user  | -u (string)

      Mainframe (z/OSMF) user name, which can be the same as your TSO login.

   --password  | --pass | --pw (string)

      Mainframe (z/OSMF) password, which can be the same as your TSO password.

   --reject-unauthorized  | --ru (boolean)

      Reject self-signed certificates.

      Default value: true

   --base-path  | --bp (string)

      The base path for your API mediation layer instance. Specify this option to
      prepend the base path to all z/OSMF resources when making REST requests. Do not
      specify this option if you are not using an API mediation layer.

 PROFILE OPTIONS
 ---------------

   --zosmf-profile  | --zosmf-p (string)

      The name of a (zosmf) profile to load for this command execution.

   --tso-profile  | --tso-p (string)

      The name of a (tso) profile to load for this command execution.

 GLOBAL OPTIONS
 --------------

   --response-format-json  | --rfj (boolean)

      Produce JSON formatted data from a command

   --help  | -h (boolean)

      Display help text


 EXAMPLES
 --------

   - Start TSO/E address space:

      $ zowe zos-tso start address-space 

   - Start TSO/E address space, and receive response in JSON
   format:

      $ zowe zos-tso start address-space --rfj

{
  \\"success\\": true,
  \\"message\\": \\"The help was constructed for command: address-space.\\",
  \\"stdout\\": \\"\\\\n COMMAND NAME\\\\n ------------\\\\n\\\\n   address-space | as\\\\n\\\\n DESCRIPTION\\\\n -----------\\\\n\\\\n   Stop a TSO address space, from which you previously started and received a token\\\\n   (a.k.a 'servlet-key').\\\\n\\\\n USAGE\\\\n -----\\\\n\\\\n   zowe zos-tso stop address-space <servletkey> [options]\\\\n\\\\n POSITIONAL ARGUMENTS\\\\n --------------------\\\\n\\\\n   servletkey\\\\t\\\\t (string)\\\\n\\\\n      The servlet key from a previously started TSO address space.\\\\n\\\\n ZOSMF CONNECTION OPTIONS\\\\n ------------------------\\\\n\\\\n   --host  | -H (string)\\\\n\\\\n      The z/OSMF server host name.\\\\n\\\\n   --port  | -P (number)\\\\n\\\\n      The z/OSMF server port.\\\\n\\\\n      Default value: 443\\\\n\\\\n   --user  | -u (string)\\\\n\\\\n      Mainframe (z/OSMF) user name, which can be the same as your TSO login.\\\\n\\\\n   --password  | --pass | --pw (string)\\\\n\\\\n      Mainframe (z/OSMF) password, which can be the same as your TSO password.\\\\n\\\\n   --reject-unauthorized  | --ru (boolean)\\\\n\\\\n      Reject self-signed certificates.\\\\n\\\\n      Default value: true\\\\n\\\\n   --base-path  | --bp (string)\\\\n\\\\n      The base path for your API mediation layer instance. Specify this option to\\\\n      prepend the base path to all z/OSMF resources when making REST requests. Do not\\\\n      specify this option if you are not using an API mediation layer.\\\\n\\\\n PROFILE OPTIONS\\\\n ---------------\\\\n\\\\n   --zosmf-profile  | --zosmf-p (string)\\\\n\\\\n      The name of a (zosmf) profile to load for this command execution.\\\\n\\\\n GLOBAL OPTIONS\\\\n --------------\\\\n\\\\n   --response-format-json  | --rfj (boolean)\\\\n\\\\n      Produce JSON formatted data from a command\\\\n\\\\n   --help  | -h (boolean)\\\\n\\\\n      Display help text\\\\n\\\\n\\\\n EXAMPLES\\\\n --------\\\\n\\\\n   - Stop the TSO address space identified by\\\\n   IBMUSER-329-aafkaaoc:\\\\n\\\\n      $ zowe zos-tso stop address-space IBMUSER-329-aafkaaoc\\\\n\\\\n\\",
  \\"stderr\\": \\"\\",
  \\"data\\": \\"\\\\n COMMAND NAME\\\\n ------------\\\\n\\\\n   address-space | as\\\\n\\\\n DESCRIPTION\\\\n -----------\\\\n\\\\n   Stop a TSO address space, from which you previously started and received a token\\\\n   (a.k.a 'servlet-key').\\\\n\\\\n USAGE\\\\n -----\\\\n\\\\n   zowe zos-tso stop address-space <servletkey> [options]\\\\n\\\\n POSITIONAL ARGUMENTS\\\\n --------------------\\\\n\\\\n   servletkey\\\\t\\\\t (string)\\\\n\\\\n      The servlet key from a previously started TSO address space.\\\\n\\\\n ZOSMF CONNECTION OPTIONS\\\\n ------------------------\\\\n\\\\n   --host  | -H (string)\\\\n\\\\n      The z/OSMF server host name.\\\\n\\\\n   --port  | -P (number)\\\\n\\\\n      The z/OSMF server port.\\\\n\\\\n      Default value: 443\\\\n\\\\n   --user  | -u (string)\\\\n\\\\n      Mainframe (z/OSMF) user name, which can be the same as your TSO login.\\\\n\\\\n   --password  | --pass | --pw (string)\\\\n\\\\n      Mainframe (z/OSMF) password, which can be the same as your TSO password.\\\\n\\\\n   --reject-unauthorized  | --ru (boolean)\\\\n\\\\n      Reject self-signed certificates.\\\\n\\\\n      Default value: true\\\\n\\\\n   --base-path  | --bp (string)\\\\n\\\\n      The base path for your API mediation layer instance. Specify this option to\\\\n      prepend the base path to all z/OSMF resources when making REST requests. Do not\\\\n      specify this option if you are not using an API mediation layer.\\\\n\\\\n PROFILE OPTIONS\\\\n ---------------\\\\n\\\\n   --zosmf-profile  | --zosmf-p (string)\\\\n\\\\n      The name of a (zosmf) profile to load for this command execution.\\\\n\\\\n GLOBAL OPTIONS\\\\n --------------\\\\n\\\\n   --response-format-json  | --rfj (boolean)\\\\n\\\\n      Produce JSON formatted data from a command\\\\n\\\\n   --help  | -h (boolean)\\\\n\\\\n      Display help text\\\\n\\\\n\\\\n EXAMPLES\\\\n --------\\\\n\\\\n   - Stop the TSO address space identified by\\\\n   IBMUSER-329-aafkaaoc:\\\\n\\\\n      $ zowe zos-tso stop address-space IBMUSER-329-aafkaaoc\\\\n\\\\n\\"
}"
`;

exports[`zos-tso stop address-space should throw an error if servlet key parameter is not provided 1`] = `
"
Syntax Error:
Missing Required Option:
--host (-H)

Option Description:
The z/OSMF server host name.

Syntax Error:
Missing Required Option:
--user (-u)

Option Description:
Mainframe (z/OSMF) user name, which can be the same as your TSO login.

Syntax Error:
Missing Required Option:
--password (--pass,--pw)

Option Description:
Mainframe (z/OSMF) password, which can be the same as your TSO password.

Example:

 - Stop the TSO address space identified by IBMUSER-329-aafkaaoc:

      $ zowe zos-tso stop address-space IBMUSER-329-aafkaaoc

Use \\"zowe zos-tso stop address-space --help\\" to view command description, usage, and options.
"
`;
