// Jest Snapshot v1, https://goo.gl/fbAQLP

exports[`check status behavior should display system properties 1`] = `
Object {
  "fields": Array [
    "systemNickName",
    "systemName",
    "url",
    "jesMemberName",
  ],
  "format": "table",
  "header": true,
  "output": Array [
    Object {
      "systemName": "SYS1_001",
      "systemNickName": "SYS1",
      "url": "some.zosmf.url",
    },
  ],
}
`;

exports[`check status behavior should display system properties 2`] = `
Object {
  "items": Array [
    Object {
      "systemName": "SYS1_001",
      "systemNickName": "SYS1",
      "url": "some.zosmf.url",
    },
  ],
  "numRows": "1",
}
`;

exports[`check status behavior should pass the rest client error to the command processor (no transformation) 1`] = `"Mock GetInfo Error"`;

exports[`check status behavior should return a json object with the right properties 1`] = `
Object {
  "items": Array [
    Object {
      "systemName": "SYS1_001",
      "systemNickName": "SYS1",
      "url": "some.zosmf.url",
    },
  ],
  "numRows": "1",
}
`;
