// Jest Snapshot v1, https://goo.gl/fbAQLP

exports[`zosmf check status should display the help 1`] = `
"================ZOSMF HELP===============

 COMMAND NAME
 ------------

   status

 DESCRIPTION
 -----------

   Confirm that z/OSMF is running on a system specified in your profile and gather
   information about the z/OSMF server for diagnostic purposes. The command outputs
   properties of the z/OSMF server such as version, hostname, and installed
   plug-ins.

 USAGE
 -----

   zowe zosmf check status [options]

 ZOSMF CONNECTION OPTIONS
 ------------------------

   --host | -H (string)

      The z/OSMF server host name.

   --port | -P (number)

      The z/OSMF server port.

      Default value: 443

   --user | -u (string)

      Mainframe (z/OSMF) user name, which can be the same as your TSO login.

   --password | --pass | --pw (string)

      Mainframe (z/OSMF) password, which can be the same as your TSO password.

   --reject-unauthorized | --ru (boolean)

      Reject self-signed certificates.

      Default value: true

   --base-path | --bp (string)

      The base path for your API mediation layer instance. Specify this option to
      prepend the base path to all z/OSMF resources when making REST requests. Do not
      specify this option if you are not using an API mediation layer.

   --protocol (string)

      The protocol used (HTTP or HTTPS)

      Default value: https
      Allowed values: http, https

   --cert-file (local file path)

      The file path to a certificate file to use for authentication

   --cert-key-file (local file path)

      The file path to a certificate key file to use for authentication

 PROFILE OPTIONS
 ---------------

   --zosmf-profile | --zosmf-p (string)

      The name of a (zosmf) profile to load for this command execution.

   --base-profile | --base-p (string)

      The name of a (base) profile to load for this command execution.

 BASE CONNECTION OPTIONS
 -----------------------

   --token-type | --tt (string)

      The type of token to get and use for the API. Omit this option to use the
      default token type, which is provided by 'zowe auth login'.

   --token-value | --tv (string)

      The value of the token to pass to the API.

 GLOBAL OPTIONS
 --------------

   --show-inputs-only (boolean)

      Show command inputs and do not run the command

   --response-format-json | --rfj (boolean)

      Produce JSON formatted data from a command

   --help | -h (boolean)

      Display help text

   --help-web | --hw (boolean)

      Display HTML help in browser

 EXAMPLES
 --------

   - Report the status of the z/OSMF server that you specified
   in your default z/OSMF profile:

      $ zowe zosmf check status

   - Report the status of the z/OSMF server that you specified
   in a supplied z/OSMF profile:

      $ zowe zosmf check status --zosmf-profile SomeZosmfProfileName

   - Report the status of the z/OSMF server that you specified
   manually via command line:

      $ zowe zosmf check status --host myhost --port 443 --user myuser --password mypass

================ZOSMF VIEW INFO HELP WITH RFJ===========
{
  "success": true,
  "exitCode": 0,
  "message": "The help was constructed for command: status.",
  "stdout": "\\n COMMAND NAME\\n ------------\\n\\n   status\\n\\n DESCRIPTION\\n -----------\\n\\n   Confirm that z/OSMF is running on a system specified in your profile and gather\\n   information about the z/OSMF server for diagnostic purposes. The command outputs\\n   properties of the z/OSMF server such as version, hostname, and installed\\n   plug-ins.\\n\\n USAGE\\n -----\\n\\n   zowe zosmf check status [options]\\n\\n ZOSMF CONNECTION OPTIONS\\n ------------------------\\n\\n   --host | -H (string)\\n\\n      The z/OSMF server host name.\\n\\n   --port | -P (number)\\n\\n      The z/OSMF server port.\\n\\n      Default value: 443\\n\\n   --user | -u (string)\\n\\n      Mainframe (z/OSMF) user name, which can be the same as your TSO login.\\n\\n   --password | --pass | --pw (string)\\n\\n      Mainframe (z/OSMF) password, which can be the same as your TSO password.\\n\\n   --reject-unauthorized | --ru (boolean)\\n\\n      Reject self-signed certificates.\\n\\n      Default value: true\\n\\n   --base-path | --bp (string)\\n\\n      The base path for your API mediation layer instance. Specify this option to\\n      prepend the base path to all z/OSMF resources when making REST requests. Do not\\n      specify this option if you are not using an API mediation layer.\\n\\n   --protocol (string)\\n\\n      The protocol used (HTTP or HTTPS)\\n\\n      Default value: https\\n      Allowed values: http, https\\n\\n   --cert-file (local file path)\\n\\n      The file path to a certificate file to use for authentication\\n\\n   --cert-key-file (local file path)\\n\\n      The file path to a certificate key file to use for authentication\\n\\n PROFILE OPTIONS\\n ---------------\\n\\n   --zosmf-profile | --zosmf-p (string)\\n\\n      The name of a (zosmf) profile to load for this command execution.\\n\\n   --base-profile | --base-p (string)\\n\\n      The name of a (base) profile to load for this command execution.\\n\\n BASE CONNECTION OPTIONS\\n -----------------------\\n\\n   --token-type | --tt (string)\\n\\n      The type of token to get and use for the API. Omit this option to use the\\n      default token type, which is provided by 'zowe auth login'.\\n\\n   --token-value | --tv (string)\\n\\n      The value of the token to pass to the API.\\n\\n GLOBAL OPTIONS\\n --------------\\n\\n   --show-inputs-only (boolean)\\n\\n      Show command inputs and do not run the command\\n\\n   --response-format-json | --rfj (boolean)\\n\\n      Produce JSON formatted data from a command\\n\\n   --help | -h (boolean)\\n\\n      Display help text\\n\\n   --help-web | --hw (boolean)\\n\\n      Display HTML help in browser\\n\\n EXAMPLES\\n --------\\n\\n   - Report the status of the z/OSMF server that you specified\\n   in your default z/OSMF profile:\\n\\n      $ zowe zosmf check status\\n\\n   - Report the status of the z/OSMF server that you specified\\n   in a supplied z/OSMF profile:\\n\\n      $ zowe zosmf check status --zosmf-profile SomeZosmfProfileName\\n\\n   - Report the status of the z/OSMF server that you specified\\n   manually via command line:\\n\\n      $ zowe zosmf check status --host myhost --port 443 --user myuser --password mypass\\n\\n",
  "stderr": "",
  "data": "\\n COMMAND NAME\\n ------------\\n\\n   status\\n\\n DESCRIPTION\\n -----------\\n\\n   Confirm that z/OSMF is running on a system specified in your profile and gather\\n   information about the z/OSMF server for diagnostic purposes. The command outputs\\n   properties of the z/OSMF server such as version, hostname, and installed\\n   plug-ins.\\n\\n USAGE\\n -----\\n\\n   zowe zosmf check status [options]\\n\\n ZOSMF CONNECTION OPTIONS\\n ------------------------\\n\\n   --host | -H (string)\\n\\n      The z/OSMF server host name.\\n\\n   --port | -P (number)\\n\\n      The z/OSMF server port.\\n\\n      Default value: 443\\n\\n   --user | -u (string)\\n\\n      Mainframe (z/OSMF) user name, which can be the same as your TSO login.\\n\\n   --password | --pass | --pw (string)\\n\\n      Mainframe (z/OSMF) password, which can be the same as your TSO password.\\n\\n   --reject-unauthorized | --ru (boolean)\\n\\n      Reject self-signed certificates.\\n\\n      Default value: true\\n\\n   --base-path | --bp (string)\\n\\n      The base path for your API mediation layer instance. Specify this option to\\n      prepend the base path to all z/OSMF resources when making REST requests. Do not\\n      specify this option if you are not using an API mediation layer.\\n\\n   --protocol (string)\\n\\n      The protocol used (HTTP or HTTPS)\\n\\n      Default value: https\\n      Allowed values: http, https\\n\\n   --cert-file (local file path)\\n\\n      The file path to a certificate file to use for authentication\\n\\n   --cert-key-file (local file path)\\n\\n      The file path to a certificate key file to use for authentication\\n\\n PROFILE OPTIONS\\n ---------------\\n\\n   --zosmf-profile | --zosmf-p (string)\\n\\n      The name of a (zosmf) profile to load for this command execution.\\n\\n   --base-profile | --base-p (string)\\n\\n      The name of a (base) profile to load for this command execution.\\n\\n BASE CONNECTION OPTIONS\\n -----------------------\\n\\n   --token-type | --tt (string)\\n\\n      The type of token to get and use for the API. Omit this option to use the\\n      default token type, which is provided by 'zowe auth login'.\\n\\n   --token-value | --tv (string)\\n\\n      The value of the token to pass to the API.\\n\\n GLOBAL OPTIONS\\n --------------\\n\\n   --show-inputs-only (boolean)\\n\\n      Show command inputs and do not run the command\\n\\n   --response-format-json | --rfj (boolean)\\n\\n      Produce JSON formatted data from a command\\n\\n   --help | -h (boolean)\\n\\n      Display help text\\n\\n   --help-web | --hw (boolean)\\n\\n      Display HTML help in browser\\n\\n EXAMPLES\\n --------\\n\\n   - Report the status of the z/OSMF server that you specified\\n   in your default z/OSMF profile:\\n\\n      $ zowe zosmf check status\\n\\n   - Report the status of the z/OSMF server that you specified\\n   in a supplied z/OSMF profile:\\n\\n      $ zowe zosmf check status --zosmf-profile SomeZosmfProfileName\\n\\n   - Report the status of the z/OSMF server that you specified\\n   manually via command line:\\n\\n      $ zowe zosmf check status --host myhost --port 443 --user myuser --password mypass\\n\\n"
}"
`;
