// Jest Snapshot v1, https://goo.gl/fbAQLP

exports[`zos-workflows group definition should not have changed 1`] = `
Object {
  "aliases": Array [
    "wf",
  ],
  "description": "Create and manage z/OSMF workflows on a z/OS system.",
  "name": "zos-workflows",
  "passOn": Array [
    Object {
      "ignoreNodes": Array [
        Object {
          "type": "group",
        },
      ],
      "merge": true,
      "property": "options",
      "value": Array [
        Object {
          "aliases": Array [
            "H",
          ],
          "description": "The z/OSMF server host name.",
          "group": "Zosmf Connection Options",
          "name": "host",
          "required": false,
          "type": "string",
        },
        Object {
          "aliases": Array [
            "P",
          ],
          "defaultValue": 443,
          "description": "The z/OSMF server port.",
          "group": "Zosmf Connection Options",
          "name": "port",
          "type": "number",
        },
        Object {
          "aliases": Array [
            "u",
          ],
          "description": "Mainframe (z/OSMF) user name, which can be the same as your TSO login.",
          "group": "Zosmf Connection Options",
          "name": "user",
          "required": false,
          "type": "string",
        },
        Object {
          "aliases": Array [
            "pass",
            "pw",
          ],
          "description": "Mainframe (z/OSMF) password, which can be the same as your TSO password.",
          "group": "Zosmf Connection Options",
          "name": "password",
          "required": false,
          "type": "string",
        },
        Object {
          "aliases": Array [
            "ru",
          ],
          "defaultValue": true,
          "description": "Reject self-signed certificates.",
          "group": "Zosmf Connection Options",
          "name": "reject-unauthorized",
          "type": "boolean",
        },
        Object {
          "aliases": Array [
            "bp",
          ],
          "description": "The base path for your API mediation layer instance. Specify this option to prepend the base path to all z/OSMF resources when making REST requests. Do not specify this option if you are not using an API mediation layer.",
          "group": "Zosmf Connection Options",
          "name": "base-path",
          "type": "string",
        },
        Object {
          "allowableValues": Object {
            "caseSensitive": false,
            "values": Array [
              "http",
              "https",
            ],
          },
          "defaultValue": "https",
          "description": "The protocol used (HTTP or HTTPS)",
          "group": "Zosmf Connection Options",
          "name": "protocol",
          "type": "string",
        },
      ],
    },
  ],
  "summary": "Create and manage z/OSMF workflows",
  "type": "group",
}
`;
