// Jest Snapshot v1, https://goo.gl/fbAQLP

exports[`Create PDS data set handler process method should create a PDS data set if requested 1`] = `
Object {
  "commandResponse": "created",
  "success": true,
}
`;

exports[`Create PDS data set handler process method should create a PDS data set if requested 2`] = `""`;

exports[`Create PDS data set handler process method should create a PDS data set if requested 3`] = `
"
created"
`;

exports[`Create PDS data set handler process method should create a PDS data set with volser set 1`] = `
Object {
  "commandResponse": "created",
  "success": true,
}
`;

exports[`Create PDS data set handler process method should create a PDS data set with volser set 2`] = `""`;

exports[`Create PDS data set handler process method should create a PDS data set with volser set 3`] = `
"
created"
`;
