// Jest Snapshot v1, https://goo.gl/fbAQLP

exports[`DsmDefinition should use the correct object for strings 1`] = `
[
  {
    "description": "In the data set 'USER.DATA.SET', rename the member named 'MEM1' to 'MEM2'.",
    "options": ""USER.DATA.SET" "MEM1" "MEM2",
  },
]
`;
