// Jest Snapshot v1, https://goo.gl/fbAQLP

exports[`zos-files download ds command definition should not have changed 1`] = `
[
  {
    "aliases": [
      "b",
    ],
    "description": "Download the file content in binary mode, which means that no data conversion is performed. The data transfer process returns each line as-is, without translation. No delimiters are added between records.",
    "name": "binary",
    "type": "boolean",
  },
  {
    "aliases": [
      "ec",
    ],
    "description": "Download the file content with encoding mode, which means that data conversion is performed using the file encoding specified.",
    "name": "encoding",
    "type": "string",
  },
  {
    "aliases": [
      "e",
    ],
    "description": "Save the local files with a specified file extension. For example, .txt. Or "" for no extension. When no extension is specified, .txt is used as the default file extension.",
    "name": "extension",
    "type": "stringOrEmpty",
  },
  {
    "aliases": [
      "f",
    ],
    "description": "The path to the local file where you want to download the content. When you omit the option, the command generates a file name automatically for you.",
    "name": "file",
    "type": "string",
  },
  {
    "aliases": [
      "po",
    ],
    "defaultValue": false,
    "description": "Specifies if the automatically generated directories and files use the original letter case",
    "name": "preserve-original-letter-case",
    "type": "boolean",
  },
  {
    "aliases": [
      "r",
    ],
    "conflictsWith": [
      "binary",
    ],
    "description": "Download the file content in record mode, which means that no data conversion is performed and the record length is prepended to the data. The data transfer process returns each line as-is, without translation. No delimiters are added between records. Conflicts with binary.",
    "name": "record",
    "type": "boolean",
  },
  {
    "aliases": [
      "vs",
    ],
    "description": "The volume serial (VOLSER) where the data set resides. You can use this option at any time. However, the VOLSER is required only when the data set is not cataloged on the system. A VOLSER is analogous to a drive name on a PC.",
    "name": "volume-serial",
    "type": "string",
  },
]
`;

exports[`zos-files download ds command definition should not have changed 2`] = `
[
  {
    "description": "Download the data set "ibmuser.loadlib(main)" in binary mode to the local file "main.obj"",
    "options": ""ibmuser.loadlib(main)" -b -f main.obj",
  },
]
`;
