// Jest Snapshot v1, https://goo.gl/fbAQLP

exports[`zos-tso start should display the help 1`] = `
"
 DESCRIPTION
 -----------

   Start TSO/E address space.

 USAGE
 -----

   zowe zos-tso start <command>

   Where <command> is one of the following:

 COMMANDS
 --------

   address-space | as Start a TSO address space, from which you will receive a
                      token (a.k.a 'servlet-key') for further address space   
                      interaction (e.g. termination).                         

 GLOBAL OPTIONS
 --------------

   --response-format-json  | --rfj (boolean)

      Produce JSON formatted data from a command

   --help  | -h (boolean)

      Display help text

   --help-examples  (boolean)

      Display examples for all the commands in a group

   --help-web  | --hw (boolean)

      Display HTML help in browser

{
  \\"success\\": true,
  \\"exitCode\\": 0,
  \\"message\\": \\"The help was constructed for command: start.\\",
  \\"stdout\\": \\"\\\\n DESCRIPTION\\\\n -----------\\\\n\\\\n   Start TSO/E address space.\\\\n\\\\n USAGE\\\\n -----\\\\n\\\\n   zowe zos-tso start <command>\\\\n\\\\n   Where <command> is one of the following:\\\\n\\\\n COMMANDS\\\\n --------\\\\n\\\\n   address-space | as Start a TSO address space, from which you will receive a\\\\n                      token (a.k.a 'servlet-key') for further address space   \\\\n                      interaction (e.g. termination).                         \\\\n\\\\n GLOBAL OPTIONS\\\\n --------------\\\\n\\\\n   --response-format-json  | --rfj (boolean)\\\\n\\\\n      Produce JSON formatted data from a command\\\\n\\\\n   --help  | -h (boolean)\\\\n\\\\n      Display help text\\\\n\\\\n   --help-examples  (boolean)\\\\n\\\\n      Display examples for all the commands in a group\\\\n\\\\n   --help-web  | --hw (boolean)\\\\n\\\\n      Display HTML help in browser\\\\n\\\\n\\",
  \\"stderr\\": \\"\\",
  \\"data\\": \\"\\\\n DESCRIPTION\\\\n -----------\\\\n\\\\n   Start TSO/E address space.\\\\n\\\\n USAGE\\\\n -----\\\\n\\\\n   zowe zos-tso start <command>\\\\n\\\\n   Where <command> is one of the following:\\\\n\\\\n COMMANDS\\\\n --------\\\\n\\\\n   address-space | as Start a TSO address space, from which you will receive a\\\\n                      token (a.k.a 'servlet-key') for further address space   \\\\n                      interaction (e.g. termination).                         \\\\n\\\\n GLOBAL OPTIONS\\\\n --------------\\\\n\\\\n   --response-format-json  | --rfj (boolean)\\\\n\\\\n      Produce JSON formatted data from a command\\\\n\\\\n   --help  | -h (boolean)\\\\n\\\\n      Display help text\\\\n\\\\n   --help-examples  (boolean)\\\\n\\\\n      Display examples for all the commands in a group\\\\n\\\\n   --help-web  | --hw (boolean)\\\\n\\\\n      Display HTML help in browser\\\\n\\\\n\\"
}"
`;

exports[`zos-tso start should fail with invalid option 1`] = `
"Command Error:
Unknown arguments: foo-bar, fooBar
Command failed due to improper syntax
Did you mean:  zos-tso start as?

Command entered: \\"zos-tso start --foo-bar\\"
Available commands are \\"address-space\\".
Use \\"zowe zos-tso start --help\\" to view groups, commands, and options.
Error Details:
Unknown arguments: foo-bar, fooBar
"
`;

exports[`zos-tso start should fail with invalid option 2`] = `
"================Z/OS CONSOLE INVALID PARAMETERS===============
"
`;

exports[`zos-tso start should fail with invalid parameter 1`] = `
"Command Error:
Unknown argument: foobar
Command failed due to improper syntax
Did you mean:  zos-tso start as?

Command entered: \\"zos-tso start foobar\\"
Available commands are \\"address-space\\".
Use \\"zowe zos-tso start --help\\" to view groups, commands, and options.
Error Details:
Unknown argument: foobar
"
`;

exports[`zos-tso start should fail with invalid parameter 2`] = `
"================Z/OS CONSOLE INVALID PARAMETERS===============
"
`;
