// Jest Snapshot v1, https://goo.gl/fbAQLP

exports[`Delete z/OS File System Success scenarios should delete a VSAM data set 1`] = `
"================Z/OS FILES DELETE Z/OS FILE SYSTEM===============
z/OS file system deleted successfully.
"
`;

exports[`Delete z/OS File System without profiles should delete a data set 1`] = `
"================Z/OS FILES DELETE Z/OS FILE SYSTEM===============
z/OS file system deleted successfully.
"
`;
