// Jest Snapshot v1, https://goo.gl/fbAQLP

exports[`zos-tso issue group definition should not have changed 1`] = `
{
  "aliases": [],
  "description": "Issue TSO commands.",
  "name": "issue",
  "summary": "Issue TSO commands",
  "type": "group",
}
`;
