// Jest Snapshot v1, https://goo.gl/fbAQLP

exports[`Create C-code PDS data set handler process method should create a C-code PDS data set if requested 1`] = `
{
  "commandResponse": "created",
  "success": true,
}
`;

exports[`Create C-code PDS data set handler process method should create a C-code PDS data set if requested 2`] = `""`;

exports[`Create C-code PDS data set handler process method should create a C-code PDS data set if requested 3`] = `
"
created"
`;
