// Jest Snapshot v1, https://goo.gl/fbAQLP

exports[`Command Utils We should be able get the full command name from the flattened tree 1`] = `"test-outer-group test-group test-command"`;

exports[`Command Utils We should be able to flatten a nested command tree for display and searching purposes 1`] = `
Array [
  Object {
    "command": Object {
      "children": Array [
        Object {
          "description": "my command",
          "name": "test-command",
          "options": Array [
            Object {
              "description": "the option",
              "name": "test-option",
              "type": "string",
            },
            Object {
              "description": "the boolean option",
              "name": "test-boolean",
              "type": "boolean",
            },
          ],
          "positionals": Array [
            Object {
              "description": "the positional option",
              "name": "positional1",
              "required": false,
              "type": "string",
            },
          ],
          "type": "command",
        },
      ],
      "description": "my group",
      "name": "test-group",
      "type": "group",
    },
    "fullName": "test-group",
    "tree": Object {
      "children": Array [
        Object {
          "description": "my command",
          "name": "test-command",
          "options": Array [
            Object {
              "description": "the option",
              "name": "test-option",
              "type": "string",
            },
            Object {
              "description": "the boolean option",
              "name": "test-boolean",
              "type": "boolean",
            },
          ],
          "positionals": Array [
            Object {
              "description": "the positional option",
              "name": "positional1",
              "required": false,
              "type": "string",
            },
          ],
          "type": "command",
        },
      ],
      "description": "my group",
      "name": "test-group",
      "type": "group",
    },
  },
  Object {
    "command": Object {
      "description": "my command",
      "name": "test-command",
      "options": Array [
        Object {
          "description": "the option",
          "name": "test-option",
          "type": "string",
        },
        Object {
          "description": "the boolean option",
          "name": "test-boolean",
          "type": "boolean",
        },
      ],
      "positionals": Array [
        Object {
          "description": "the positional option",
          "name": "positional1",
          "required": false,
          "type": "string",
        },
      ],
      "type": "command",
    },
    "fullName": "test-group test-command",
    "tree": Object {
      "children": Array [
        Object {
          "description": "my command",
          "name": "test-command",
          "options": Array [
            Object {
              "description": "the option",
              "name": "test-option",
              "type": "string",
            },
            Object {
              "description": "the boolean option",
              "name": "test-boolean",
              "type": "boolean",
            },
          ],
          "positionals": Array [
            Object {
              "description": "the positional option",
              "name": "positional1",
              "required": false,
              "type": "string",
            },
          ],
          "type": "command",
        },
      ],
      "description": "my group",
      "name": "test-group",
      "type": "group",
    },
  },
]
`;

exports[`Command Utils We should be able to flatten a nested command tree with aliases for display and searching purposes 1`] = `
Array [
  Object {
    "command": Object {
      "aliases": Array [
        "tg",
      ],
      "children": Array [
        Object {
          "aliases": Array [
            "tc",
          ],
          "description": "my command",
          "name": "test-command",
          "options": Array [
            Object {
              "aliases": Array [
                "to",
              ],
              "description": "the option",
              "name": "test-option",
              "type": "string",
            },
            Object {
              "aliases": Array [
                "tb",
              ],
              "description": "the boolean option",
              "name": "test-boolean",
              "type": "boolean",
            },
          ],
          "positionals": Array [
            Object {
              "description": "the positional option",
              "name": "positional1",
              "required": false,
              "type": "string",
            },
          ],
          "type": "command",
        },
        Object {
          "aliases": Array [
            "tg2",
          ],
          "children": Array [
            Object {
              "aliases": Array [
                "tc",
              ],
              "description": "my command",
              "name": "test-command-one",
              "options": Array [
                Object {
                  "aliases": Array [
                    "to",
                  ],
                  "description": "the option",
                  "name": "test-option",
                  "type": "string",
                },
                Object {
                  "aliases": Array [
                    "tb",
                  ],
                  "description": "the boolean option",
                  "name": "test-boolean",
                  "type": "boolean",
                },
              ],
              "positionals": Array [
                Object {
                  "description": "the positional option",
                  "name": "positional2",
                  "required": false,
                  "type": "string",
                },
              ],
              "type": "command",
            },
            Object {
              "description": "my command",
              "name": "test-command-two",
              "options": Array [
                Object {
                  "aliases": Array [
                    "to",
                  ],
                  "description": "the option",
                  "name": "test-option",
                  "type": "string",
                },
                Object {
                  "aliases": Array [
                    "tb",
                  ],
                  "description": "the boolean option",
                  "name": "test-boolean",
                  "type": "boolean",
                },
              ],
              "positionals": Array [
                Object {
                  "description": "the positional option",
                  "name": "positional2",
                  "required": false,
                  "type": "string",
                },
              ],
              "type": "command",
            },
          ],
          "description": "my group",
          "name": "test-group-2",
          "type": "group",
        },
      ],
      "description": "my group",
      "name": "test-group",
      "type": "group",
    },
    "fullName": "test-group",
    "tree": Object {
      "aliases": Array [
        "tg",
      ],
      "children": Array [
        Object {
          "aliases": Array [
            "tc",
          ],
          "description": "my command",
          "name": "test-command",
          "options": Array [
            Object {
              "aliases": Array [
                "to",
              ],
              "description": "the option",
              "name": "test-option",
              "type": "string",
            },
            Object {
              "aliases": Array [
                "tb",
              ],
              "description": "the boolean option",
              "name": "test-boolean",
              "type": "boolean",
            },
          ],
          "positionals": Array [
            Object {
              "description": "the positional option",
              "name": "positional1",
              "required": false,
              "type": "string",
            },
          ],
          "type": "command",
        },
        Object {
          "aliases": Array [
            "tg2",
          ],
          "children": Array [
            Object {
              "aliases": Array [
                "tc",
              ],
              "description": "my command",
              "name": "test-command-one",
              "options": Array [
                Object {
                  "aliases": Array [
                    "to",
                  ],
                  "description": "the option",
                  "name": "test-option",
                  "type": "string",
                },
                Object {
                  "aliases": Array [
                    "tb",
                  ],
                  "description": "the boolean option",
                  "name": "test-boolean",
                  "type": "boolean",
                },
              ],
              "positionals": Array [
                Object {
                  "description": "the positional option",
                  "name": "positional2",
                  "required": false,
                  "type": "string",
                },
              ],
              "type": "command",
            },
            Object {
              "description": "my command",
              "name": "test-command-two",
              "options": Array [
                Object {
                  "aliases": Array [
                    "to",
                  ],
                  "description": "the option",
                  "name": "test-option",
                  "type": "string",
                },
                Object {
                  "aliases": Array [
                    "tb",
                  ],
                  "description": "the boolean option",
                  "name": "test-boolean",
                  "type": "boolean",
                },
              ],
              "positionals": Array [
                Object {
                  "description": "the positional option",
                  "name": "positional2",
                  "required": false,
                  "type": "string",
                },
              ],
              "type": "command",
            },
          ],
          "description": "my group",
          "name": "test-group-2",
          "type": "group",
        },
      ],
      "description": "my group",
      "name": "test-group",
      "type": "group",
    },
  },
  Object {
    "command": Object {
      "aliases": Array [
        "tc",
      ],
      "description": "my command",
      "name": "test-command",
      "options": Array [
        Object {
          "aliases": Array [
            "to",
          ],
          "description": "the option",
          "name": "test-option",
          "type": "string",
        },
        Object {
          "aliases": Array [
            "tb",
          ],
          "description": "the boolean option",
          "name": "test-boolean",
          "type": "boolean",
        },
      ],
      "positionals": Array [
        Object {
          "description": "the positional option",
          "name": "positional1",
          "required": false,
          "type": "string",
        },
      ],
      "type": "command",
    },
    "fullName": "test-group test-command",
    "tree": Object {
      "aliases": Array [
        "tg",
      ],
      "children": Array [
        Object {
          "aliases": Array [
            "tc",
          ],
          "description": "my command",
          "name": "test-command",
          "options": Array [
            Object {
              "aliases": Array [
                "to",
              ],
              "description": "the option",
              "name": "test-option",
              "type": "string",
            },
            Object {
              "aliases": Array [
                "tb",
              ],
              "description": "the boolean option",
              "name": "test-boolean",
              "type": "boolean",
            },
          ],
          "positionals": Array [
            Object {
              "description": "the positional option",
              "name": "positional1",
              "required": false,
              "type": "string",
            },
          ],
          "type": "command",
        },
        Object {
          "aliases": Array [
            "tg2",
          ],
          "children": Array [
            Object {
              "aliases": Array [
                "tc",
              ],
              "description": "my command",
              "name": "test-command-one",
              "options": Array [
                Object {
                  "aliases": Array [
                    "to",
                  ],
                  "description": "the option",
                  "name": "test-option",
                  "type": "string",
                },
                Object {
                  "aliases": Array [
                    "tb",
                  ],
                  "description": "the boolean option",
                  "name": "test-boolean",
                  "type": "boolean",
                },
              ],
              "positionals": Array [
                Object {
                  "description": "the positional option",
                  "name": "positional2",
                  "required": false,
                  "type": "string",
                },
              ],
              "type": "command",
            },
            Object {
              "description": "my command",
              "name": "test-command-two",
              "options": Array [
                Object {
                  "aliases": Array [
                    "to",
                  ],
                  "description": "the option",
                  "name": "test-option",
                  "type": "string",
                },
                Object {
                  "aliases": Array [
                    "tb",
                  ],
                  "description": "the boolean option",
                  "name": "test-boolean",
                  "type": "boolean",
                },
              ],
              "positionals": Array [
                Object {
                  "description": "the positional option",
                  "name": "positional2",
                  "required": false,
                  "type": "string",
                },
              ],
              "type": "command",
            },
          ],
          "description": "my group",
          "name": "test-group-2",
          "type": "group",
        },
      ],
      "description": "my group",
      "name": "test-group",
      "type": "group",
    },
  },
  Object {
    "command": Object {
      "aliases": Array [
        "tg2",
      ],
      "children": Array [
        Object {
          "aliases": Array [
            "tc",
          ],
          "description": "my command",
          "name": "test-command-one",
          "options": Array [
            Object {
              "aliases": Array [
                "to",
              ],
              "description": "the option",
              "name": "test-option",
              "type": "string",
            },
            Object {
              "aliases": Array [
                "tb",
              ],
              "description": "the boolean option",
              "name": "test-boolean",
              "type": "boolean",
            },
          ],
          "positionals": Array [
            Object {
              "description": "the positional option",
              "name": "positional2",
              "required": false,
              "type": "string",
            },
          ],
          "type": "command",
        },
        Object {
          "description": "my command",
          "name": "test-command-two",
          "options": Array [
            Object {
              "aliases": Array [
                "to",
              ],
              "description": "the option",
              "name": "test-option",
              "type": "string",
            },
            Object {
              "aliases": Array [
                "tb",
              ],
              "description": "the boolean option",
              "name": "test-boolean",
              "type": "boolean",
            },
          ],
          "positionals": Array [
            Object {
              "description": "the positional option",
              "name": "positional2",
              "required": false,
              "type": "string",
            },
          ],
          "type": "command",
        },
      ],
      "description": "my group",
      "name": "test-group-2",
      "type": "group",
    },
    "fullName": "test-group test-group-2",
    "tree": Object {
      "aliases": Array [
        "tg",
      ],
      "children": Array [
        Object {
          "aliases": Array [
            "tc",
          ],
          "description": "my command",
          "name": "test-command",
          "options": Array [
            Object {
              "aliases": Array [
                "to",
              ],
              "description": "the option",
              "name": "test-option",
              "type": "string",
            },
            Object {
              "aliases": Array [
                "tb",
              ],
              "description": "the boolean option",
              "name": "test-boolean",
              "type": "boolean",
            },
          ],
          "positionals": Array [
            Object {
              "description": "the positional option",
              "name": "positional1",
              "required": false,
              "type": "string",
            },
          ],
          "type": "command",
        },
        Object {
          "aliases": Array [
            "tg2",
          ],
          "children": Array [
            Object {
              "aliases": Array [
                "tc",
              ],
              "description": "my command",
              "name": "test-command-one",
              "options": Array [
                Object {
                  "aliases": Array [
                    "to",
                  ],
                  "description": "the option",
                  "name": "test-option",
                  "type": "string",
                },
                Object {
                  "aliases": Array [
                    "tb",
                  ],
                  "description": "the boolean option",
                  "name": "test-boolean",
                  "type": "boolean",
                },
              ],
              "positionals": Array [
                Object {
                  "description": "the positional option",
                  "name": "positional2",
                  "required": false,
                  "type": "string",
                },
              ],
              "type": "command",
            },
            Object {
              "description": "my command",
              "name": "test-command-two",
              "options": Array [
                Object {
                  "aliases": Array [
                    "to",
                  ],
                  "description": "the option",
                  "name": "test-option",
                  "type": "string",
                },
                Object {
                  "aliases": Array [
                    "tb",
                  ],
                  "description": "the boolean option",
                  "name": "test-boolean",
                  "type": "boolean",
                },
              ],
              "positionals": Array [
                Object {
                  "description": "the positional option",
                  "name": "positional2",
                  "required": false,
                  "type": "string",
                },
              ],
              "type": "command",
            },
          ],
          "description": "my group",
          "name": "test-group-2",
          "type": "group",
        },
      ],
      "description": "my group",
      "name": "test-group",
      "type": "group",
    },
  },
  Object {
    "command": Object {
      "aliases": Array [
        "tc",
      ],
      "description": "my command",
      "name": "test-command-one",
      "options": Array [
        Object {
          "aliases": Array [
            "to",
          ],
          "description": "the option",
          "name": "test-option",
          "type": "string",
        },
        Object {
          "aliases": Array [
            "tb",
          ],
          "description": "the boolean option",
          "name": "test-boolean",
          "type": "boolean",
        },
      ],
      "positionals": Array [
        Object {
          "description": "the positional option",
          "name": "positional2",
          "required": false,
          "type": "string",
        },
      ],
      "type": "command",
    },
    "fullName": "test-group test-group-2 test-command-one",
    "tree": Object {
      "aliases": Array [
        "tg",
      ],
      "children": Array [
        Object {
          "aliases": Array [
            "tc",
          ],
          "description": "my command",
          "name": "test-command",
          "options": Array [
            Object {
              "aliases": Array [
                "to",
              ],
              "description": "the option",
              "name": "test-option",
              "type": "string",
            },
            Object {
              "aliases": Array [
                "tb",
              ],
              "description": "the boolean option",
              "name": "test-boolean",
              "type": "boolean",
            },
          ],
          "positionals": Array [
            Object {
              "description": "the positional option",
              "name": "positional1",
              "required": false,
              "type": "string",
            },
          ],
          "type": "command",
        },
        Object {
          "aliases": Array [
            "tg2",
          ],
          "children": Array [
            Object {
              "aliases": Array [
                "tc",
              ],
              "description": "my command",
              "name": "test-command-one",
              "options": Array [
                Object {
                  "aliases": Array [
                    "to",
                  ],
                  "description": "the option",
                  "name": "test-option",
                  "type": "string",
                },
                Object {
                  "aliases": Array [
                    "tb",
                  ],
                  "description": "the boolean option",
                  "name": "test-boolean",
                  "type": "boolean",
                },
              ],
              "positionals": Array [
                Object {
                  "description": "the positional option",
                  "name": "positional2",
                  "required": false,
                  "type": "string",
                },
              ],
              "type": "command",
            },
            Object {
              "description": "my command",
              "name": "test-command-two",
              "options": Array [
                Object {
                  "aliases": Array [
                    "to",
                  ],
                  "description": "the option",
                  "name": "test-option",
                  "type": "string",
                },
                Object {
                  "aliases": Array [
                    "tb",
                  ],
                  "description": "the boolean option",
                  "name": "test-boolean",
                  "type": "boolean",
                },
              ],
              "positionals": Array [
                Object {
                  "description": "the positional option",
                  "name": "positional2",
                  "required": false,
                  "type": "string",
                },
              ],
              "type": "command",
            },
          ],
          "description": "my group",
          "name": "test-group-2",
          "type": "group",
        },
      ],
      "description": "my group",
      "name": "test-group",
      "type": "group",
    },
  },
  Object {
    "command": Object {
      "description": "my command",
      "name": "test-command-two",
      "options": Array [
        Object {
          "aliases": Array [
            "to",
          ],
          "description": "the option",
          "name": "test-option",
          "type": "string",
        },
        Object {
          "aliases": Array [
            "tb",
          ],
          "description": "the boolean option",
          "name": "test-boolean",
          "type": "boolean",
        },
      ],
      "positionals": Array [
        Object {
          "description": "the positional option",
          "name": "positional2",
          "required": false,
          "type": "string",
        },
      ],
      "type": "command",
    },
    "fullName": "test-group test-group-2 test-command-two",
    "tree": Object {
      "aliases": Array [
        "tg",
      ],
      "children": Array [
        Object {
          "aliases": Array [
            "tc",
          ],
          "description": "my command",
          "name": "test-command",
          "options": Array [
            Object {
              "aliases": Array [
                "to",
              ],
              "description": "the option",
              "name": "test-option",
              "type": "string",
            },
            Object {
              "aliases": Array [
                "tb",
              ],
              "description": "the boolean option",
              "name": "test-boolean",
              "type": "boolean",
            },
          ],
          "positionals": Array [
            Object {
              "description": "the positional option",
              "name": "positional1",
              "required": false,
              "type": "string",
            },
          ],
          "type": "command",
        },
        Object {
          "aliases": Array [
            "tg2",
          ],
          "children": Array [
            Object {
              "aliases": Array [
                "tc",
              ],
              "description": "my command",
              "name": "test-command-one",
              "options": Array [
                Object {
                  "aliases": Array [
                    "to",
                  ],
                  "description": "the option",
                  "name": "test-option",
                  "type": "string",
                },
                Object {
                  "aliases": Array [
                    "tb",
                  ],
                  "description": "the boolean option",
                  "name": "test-boolean",
                  "type": "boolean",
                },
              ],
              "positionals": Array [
                Object {
                  "description": "the positional option",
                  "name": "positional2",
                  "required": false,
                  "type": "string",
                },
              ],
              "type": "command",
            },
            Object {
              "description": "my command",
              "name": "test-command-two",
              "options": Array [
                Object {
                  "aliases": Array [
                    "to",
                  ],
                  "description": "the option",
                  "name": "test-option",
                  "type": "string",
                },
                Object {
                  "aliases": Array [
                    "tb",
                  ],
                  "description": "the boolean option",
                  "name": "test-boolean",
                  "type": "boolean",
                },
              ],
              "positionals": Array [
                Object {
                  "description": "the positional option",
                  "name": "positional2",
                  "required": false,
                  "type": "string",
                },
              ],
              "type": "command",
            },
          ],
          "description": "my group",
          "name": "test-group-2",
          "type": "group",
        },
      ],
      "description": "my group",
      "name": "test-group",
      "type": "group",
    },
  },
]
`;

exports[`Command Utils We should not be able get the full command name from the flattened tree 1 1`] = `"test-outer-group test-command"`;

exports[`Command Utils We should not be able get the full command name from the flattened tree 2 1`] = `"test-outer-group test-command"`;
