// Jest Snapshot v1, https://goo.gl/fbAQLP

exports[`provisioning delete instance should successfully issue the command 1`] = `
Object {
  "data": Array [
    84,
    104,
    101,
    32,
    105,
    110,
    115,
    116,
    97,
    110,
    99,
    101,
    32,
    119,
    97,
    115,
    32,
    115,
    117,
    99,
    99,
    101,
    115,
    115,
    102,
    117,
    108,
    108,
    121,
    32,
    100,
    101,
    108,
    101,
    116,
    101,
    100,
    10,
  ],
  "type": "Buffer",
}
`;

exports[`provisioning delete instance without profiles should successfully delete an instance without profile 1`] = `
Object {
  "data": Array [
    84,
    104,
    101,
    32,
    105,
    110,
    115,
    116,
    97,
    110,
    99,
    101,
    32,
    119,
    97,
    115,
    32,
    115,
    117,
    99,
    99,
    101,
    115,
    115,
    102,
    117,
    108,
    108,
    121,
    32,
    100,
    101,
    108,
    101,
    116,
    101,
    100,
    10,
  ],
  "type": "Buffer",
}
`;
