// Jest Snapshot v1, https://goo.gl/fbAQLP

exports[`zos-jobs cancel job command should display an error when jobid is missing 1`] = `
"
Syntax Error:
Missing Positional Argument: jobid
Argument Description: The job ID (e.g. JOB00123) of the job. Job ID is a unique identifier for z/OS
batch jobs -- no two jobs on one system can have the same ID. Note: z/OS allows
you to abbreviate the job ID if desired. You can use, for example \\"J123\\".

Syntax Error:
Missing Required Option:
--host (-H)

Option Description:
The z/OSMF server host name.

Syntax Error:
Missing Required Option:
--user (-u)

Option Description:
Mainframe (z/OSMF) user name, which can be the same as your TSO login.

Syntax Error:
Missing Required Option:
--password (--pass,--pw)

Option Description:
Mainframe (z/OSMF) password, which can be the same as your TSO password.

Example:

 - Cancel job with job ID JOB03456:

      $ zowe zos-jobs cancel job JOB03456

Use \\"zowe zos-jobs cancel job --help\\" to view command description, usage, and options.
"
`;

exports[`zos-jobs cancel job command should display the help 1`] = `
"
 COMMAND NAME
 ------------

   job

 DESCRIPTION
 -----------

   Cancel a single job by job ID

 USAGE
 -----

   zowe zos-jobs cancel job <jobid> [options]

 POSITIONAL ARGUMENTS
 --------------------

   jobid		 (string)

      The job ID (e.g. JOB00123) of the job. Job ID is a unique identifier for z/OS
      batch jobs -- no two jobs on one system can have the same ID. Note: z/OS allows
      you to abbreviate the job ID if desired. You can use, for example \\"J123\\".

 ZOSMF CONNECTION OPTIONS
 ------------------------

   --host  | -H (string)

      The z/OSMF server host name.

   --port  | -P (number)

      The z/OSMF server port.

      Default value: 443

   --user  | -u (string)

      Mainframe (z/OSMF) user name, which can be the same as your TSO login.

   --password  | --pass | --pw (string)

      Mainframe (z/OSMF) password, which can be the same as your TSO password.

   --reject-unauthorized  | --ru (boolean)

      Reject self-signed certificates.

      Default value: true

   --base-path  | --bp (string)

      The base path for your API mediation layer instance. Specify this option to
      prepend the base path to all z/OSMF resources when making REST requests. Do not
      specify this option if you are not using an API mediation layer.

 PROFILE OPTIONS
 ---------------

   --zosmf-profile  | --zosmf-p (string)

      The name of a (zosmf) profile to load for this command execution.

 GLOBAL OPTIONS
 --------------

   --response-format-json  | --rfj (boolean)

      Produce JSON formatted data from a command

   --help  | -h (boolean)

      Display help text


 EXAMPLES
 --------

   - Cancel job with job ID JOB03456:

      $ zowe zos-jobs cancel job JOB03456

{
  \\"success\\": true,
  \\"message\\": \\"The help was constructed for command: job.\\",
  \\"stdout\\": \\"\\\\n COMMAND NAME\\\\n ------------\\\\n\\\\n   job\\\\n\\\\n DESCRIPTION\\\\n -----------\\\\n\\\\n   Cancel a single job by job ID\\\\n\\\\n USAGE\\\\n -----\\\\n\\\\n   zowe zos-jobs cancel job <jobid> [options]\\\\n\\\\n POSITIONAL ARGUMENTS\\\\n --------------------\\\\n\\\\n   jobid\\\\t\\\\t (string)\\\\n\\\\n      The job ID (e.g. JOB00123) of the job. Job ID is a unique identifier for z/OS\\\\n      batch jobs -- no two jobs on one system can have the same ID. Note: z/OS allows\\\\n      you to abbreviate the job ID if desired. You can use, for example \\\\\\"J123\\\\\\".\\\\n\\\\n ZOSMF CONNECTION OPTIONS\\\\n ------------------------\\\\n\\\\n   --host  | -H (string)\\\\n\\\\n      The z/OSMF server host name.\\\\n\\\\n   --port  | -P (number)\\\\n\\\\n      The z/OSMF server port.\\\\n\\\\n      Default value: 443\\\\n\\\\n   --user  | -u (string)\\\\n\\\\n      Mainframe (z/OSMF) user name, which can be the same as your TSO login.\\\\n\\\\n   --password  | --pass | --pw (string)\\\\n\\\\n      Mainframe (z/OSMF) password, which can be the same as your TSO password.\\\\n\\\\n   --reject-unauthorized  | --ru (boolean)\\\\n\\\\n      Reject self-signed certificates.\\\\n\\\\n      Default value: true\\\\n\\\\n   --base-path  | --bp (string)\\\\n\\\\n      The base path for your API mediation layer instance. Specify this option to\\\\n      prepend the base path to all z/OSMF resources when making REST requests. Do not\\\\n      specify this option if you are not using an API mediation layer.\\\\n\\\\n PROFILE OPTIONS\\\\n ---------------\\\\n\\\\n   --zosmf-profile  | --zosmf-p (string)\\\\n\\\\n      The name of a (zosmf) profile to load for this command execution.\\\\n\\\\n GLOBAL OPTIONS\\\\n --------------\\\\n\\\\n   --response-format-json  | --rfj (boolean)\\\\n\\\\n      Produce JSON formatted data from a command\\\\n\\\\n   --help  | -h (boolean)\\\\n\\\\n      Display help text\\\\n\\\\n\\\\n EXAMPLES\\\\n --------\\\\n\\\\n   - Cancel job with job ID JOB03456:\\\\n\\\\n      $ zowe zos-jobs cancel job JOB03456\\\\n\\\\n\\",
  \\"stderr\\": \\"\\",
  \\"data\\": \\"\\\\n COMMAND NAME\\\\n ------------\\\\n\\\\n   job\\\\n\\\\n DESCRIPTION\\\\n -----------\\\\n\\\\n   Cancel a single job by job ID\\\\n\\\\n USAGE\\\\n -----\\\\n\\\\n   zowe zos-jobs cancel job <jobid> [options]\\\\n\\\\n POSITIONAL ARGUMENTS\\\\n --------------------\\\\n\\\\n   jobid\\\\t\\\\t (string)\\\\n\\\\n      The job ID (e.g. JOB00123) of the job. Job ID is a unique identifier for z/OS\\\\n      batch jobs -- no two jobs on one system can have the same ID. Note: z/OS allows\\\\n      you to abbreviate the job ID if desired. You can use, for example \\\\\\"J123\\\\\\".\\\\n\\\\n ZOSMF CONNECTION OPTIONS\\\\n ------------------------\\\\n\\\\n   --host  | -H (string)\\\\n\\\\n      The z/OSMF server host name.\\\\n\\\\n   --port  | -P (number)\\\\n\\\\n      The z/OSMF server port.\\\\n\\\\n      Default value: 443\\\\n\\\\n   --user  | -u (string)\\\\n\\\\n      Mainframe (z/OSMF) user name, which can be the same as your TSO login.\\\\n\\\\n   --password  | --pass | --pw (string)\\\\n\\\\n      Mainframe (z/OSMF) password, which can be the same as your TSO password.\\\\n\\\\n   --reject-unauthorized  | --ru (boolean)\\\\n\\\\n      Reject self-signed certificates.\\\\n\\\\n      Default value: true\\\\n\\\\n   --base-path  | --bp (string)\\\\n\\\\n      The base path for your API mediation layer instance. Specify this option to\\\\n      prepend the base path to all z/OSMF resources when making REST requests. Do not\\\\n      specify this option if you are not using an API mediation layer.\\\\n\\\\n PROFILE OPTIONS\\\\n ---------------\\\\n\\\\n   --zosmf-profile  | --zosmf-p (string)\\\\n\\\\n      The name of a (zosmf) profile to load for this command execution.\\\\n\\\\n GLOBAL OPTIONS\\\\n --------------\\\\n\\\\n   --response-format-json  | --rfj (boolean)\\\\n\\\\n      Produce JSON formatted data from a command\\\\n\\\\n   --help  | -h (boolean)\\\\n\\\\n      Display help text\\\\n\\\\n\\\\n EXAMPLES\\\\n --------\\\\n\\\\n   - Cancel job with job ID JOB03456:\\\\n\\\\n      $ zowe zos-jobs cancel job JOB03456\\\\n\\\\n\\"
}"
`;
