// Jest Snapshot v1, https://goo.gl/fbAQLP

exports[`zos-uss group definition should not have changed 1`] = `
{
  "aliases": [
    "ssh",
    "zos-uss",
    "uss",
  ],
  "description": "Issue z/OS USS commands remotely using an SSH session. Output from the commands is displayed on the local terminal.",
  "name": "zos-ssh",
  "passOn": [
    {
      "ignoreNodes": [
        {
          "type": "group",
        },
      ],
      "merge": true,
      "property": "options",
      "value": [
        {
          "aliases": [
            "H",
          ],
          "description": "The z/OS SSH server host name.",
          "group": "z/OS Ssh Connection Options",
          "name": "host",
          "required": false,
          "type": "string",
        },
        {
          "aliases": [
            "P",
          ],
          "defaultValue": 22,
          "description": "The z/OS SSH server port.",
          "group": "z/OS Ssh Connection Options",
          "name": "port",
          "type": "number",
        },
        {
          "aliases": [
            "u",
          ],
          "description": "Mainframe user name, which can be the same as your TSO login.",
          "group": "z/OS Ssh Connection Options",
          "name": "user",
          "required": false,
          "type": "string",
        },
        {
          "aliases": [
            "pass",
            "pw",
          ],
          "description": "Mainframe password, which can be the same as your TSO password.",
          "group": "z/OS Ssh Connection Options",
          "name": "password",
          "type": "string",
        },
        {
          "aliases": [
            "key",
            "pk",
          ],
          "description": "Path to a file containing your private key, that must match a public key stored in the server for authentication",
          "group": "z/OS Ssh Connection Options",
          "name": "privateKey",
          "type": "string",
        },
        {
          "aliases": [
            "passphrase",
            "kp",
          ],
          "description": "Private key passphrase, which unlocks the private key.",
          "group": "z/OS Ssh Connection Options",
          "name": "keyPassphrase",
          "type": "string",
        },
        {
          "aliases": [
            "timeout",
            "to",
          ],
          "description": "How long in milliseconds to wait for the SSH handshake to complete.",
          "group": "z/OS Ssh Connection Options",
          "name": "handshakeTimeout",
          "type": "number",
        },
      ],
    },
  ],
  "summary": "Issue z/OS USS commands and receive responses",
  "type": "group",
}
`;
