// Jest Snapshot v1, https://goo.gl/fbAQLP

exports[`daemon disable definition should not have changed 1`] = `
{
  "description": "Disables daemon-mode operation of the Zowe CLI.",
  "examples": [
    {
      "description": "Disable daemon-mode",
      "options": "",
    },
  ],
  "name": "disable",
  "type": "command",
}
`;
